
════════════════════════════════════════════════════════════════════════
AFSLUT SÆSON (00000000-0000-0000-0000-000000000002) 🔴 EXECUTE (skriver)
════════════════════════════════════════════════════════════════════════
Sæson #2 (00000000-0000-0000-0000-000000000002) status='active'
Pending race results: 0 ✅
#2805-spærre: grøn ✅
#2847-claim: taget ✅
→ ensureSeasonStandings ...
→ updateStandings ...
  📊 Standings recalculated (RPC) for 365 teams
→ processSeasonEnd (board-eval + divisionsbonusser + op/nedrykning) ...

🏆 Processing season end: 00000000-0000-0000-0000-000000000002
  📊 martharacing: satisfaction 50% → 79% (season 1/3, score 109%)
  📊 martharacing: satisfaction 62% → 90% (season 1/1, score 112%)
  📊 martharacing: satisfaction 70% → 100% (season 2/5, score 112%)
  📊 Uni team: satisfaction 43% → 39% (season 2/3, score 50%)
  📊 Uni team: satisfaction 40% → 36% (season 2/5, score 49%)
  📊 Uni team: satisfaction 40% → 36% (season 1/1, score 53%)
  📊 Pro Cycling Team: satisfaction 81% → 100% (season 2/5, score 102%)
  📊 Pro Cycling Team: satisfaction 77% → 97% (season 1/1, score 97%)
  📊 Pro Cycling Team: satisfaction 80% → 100% (season 2/3, score 102%)
  📊 Verstappen racing: satisfaction 75% → 100% (season 2/3, score 110%)
  📊 Verstappen racing: satisfaction 68% → 98% (season 2/5, score 111%)
  📊 Verstappen racing: satisfaction 66% → 96% (season 1/1, score 114%)
  📊 The Morse Codes: satisfaction 66% → 81% (season 1/1, score 88%)
  📊 The Morse Codes: satisfaction 68% → 85% (season 2/3, score 87%)
  📊 The Morse Codes: satisfaction 67% → 84% (season 2/5, score 87%)
  📊 Scuderia Domingo: satisfaction 70% → 98% (season 2/3, score 107%)
  📊 Scuderia Domingo: satisfaction 66% → 93% (season 1/1, score 108%)
  📊 Scuderia Domingo: satisfaction 70% → 99% (season 2/5, score 110%)
  📊 Superholdet: satisfaction 50% → 50% (season 1/1, score 61%)
  📊 Trululu La Guacamaya: satisfaction 46% → 50% (season 2/3, score 63%)
  📊 Trululu La Guacamaya: satisfaction 41% → 43% (season 1/1, score 63%)
  📊 Trululu La Guacamaya: satisfaction 38% → 37% (season 2/5, score 55%)
  📊 Frigo cycling: satisfaction 53% → 57% (season 1/1, score 67%)
  📊 Frigo cycling: satisfaction 50% → 63% (season 1/3, score 79%)
  📊 Frigo cycling: satisfaction 40% → 33% (season 2/5, score 47%)
  📊 Parfek: satisfaction 39% → 40% (season 2/5, score 63%)
  📊 Parfek: satisfaction 53% → 67% (season 1/1, score 86%)
  📊 Parfek: satisfaction 38% → 40% (season 2/3, score 63%)
  📊 The wild ducks: satisfaction 26% → 20% (season 2/3, score 49%)
  📊 The wild ducks: satisfaction 40% → 41% (season 1/1, score 61%)
  📊 The wild ducks: satisfaction 26% → 11% (season 2/5, score 33%)
  📊 Krapouchi Cycling Team: satisfaction 62% → 84% (season 1/1, score 101%)
  📊 Krapouchi Cycling Team: satisfaction 64% → 88% (season 2/3, score 100%)
  📊 Krapouchi Cycling Team: satisfaction 58% → 76% (season 2/5, score 88%)
  📊 Lip Air France Team: satisfaction 50% → 66% (season 1/5, score 85%)
  📊 Lip Air France Team: satisfaction 50% → 66% (season 1/3, score 85%)
  📊 Lip Air France Team: satisfaction 53% → 67% (season 1/1, score 86%)
  📊 Xtreme Noob: satisfaction 62% → 89% (season 1/1, score 109%)
  📊 Xtreme Noob: satisfaction 45% → 61% (season 2/3, score 89%)
  📊 Xtreme Noob: satisfaction 43% → 60% (season 2/5, score 91%)
  📊 ADM Cycling: satisfaction 50% → 78% (season 1/1, score 110%)
  📊 ADM Cycling: satisfaction 50% → 67% (season 1/5, score 90%)
  📊 Guds hånd: satisfaction 45% → 63% (season 2/5, score 88%)
  📊 Guds hånd: satisfaction 42% → 61% (season 2/3, score 90%)
  📊 Guds hånd: satisfaction 39% → 58% (season 1/1, score 94%)
  📊 Efapel cycling: satisfaction 50% → 67% (season 1/5, score 91%)
  📊 Efapel cycling: satisfaction 50% → 78% (season 1/1, score 111%)
  📊 Visma LAB: satisfaction 50% → 52% (season 1/5, score 63%)
  📊 Visma LAB: satisfaction 50% → 63% (season 1/1, score 83%)
  📊 Les flandriens: satisfaction 27% → 5% (season 2/5, score 20%)
  📊 Les flandriens: satisfaction 41% → 42% (season 1/1, score 63%)
  📊 Les flandriens: satisfaction 50% → 61% (season 1/3, score 76%)
  📊 RMF Pro Athletic: satisfaction 74% → 98% (season 1/5, score 100%)
  📊 RMF Pro Athletic: satisfaction 72% → 96% (season 1/3, score 100%)
  📊 RMF Pro Athletic: satisfaction 73% → 92% (season 1/1, score 94%)
  📊 Team UNIQLO: satisfaction 79% → 100% (season 2/3, score 105%)
  📊 Team UNIQLO: satisfaction 72% → 89% (season 2/5, score 87%)
  📊 Team UNIQLO: satisfaction 76% → 99% (season 1/1, score 103%)
  📊 West Racing Team UK: satisfaction 66% → 98% (season 2/3, score 114%)
  📊 West Racing Team UK: satisfaction 66% → 98% (season 2/5, score 114%)
  📊 West Racing Team UK: satisfaction 63% → 93% (season 1/1, score 115%)
  📊 puckpuckpuck: satisfaction 77% → 72% (season 1/1, score 51%)
  📊 puckpuckpuck: satisfaction 80% → 100% (season 2/3, score 94%)
  📊 puckpuckpuck: satisfaction 78% → 99% (season 2/5, score 94%)
  📊 Ponot Cycling: satisfaction 50% → 72% (season 1/5, score 100%)
  📊 Ponot Cycling: satisfaction 50% → 80% (season 1/1, score 114%)
  📊 Team Discover: satisfaction 65% → 90% (season 2/3, score 101%)
  📊 Team Discover: satisfaction 66% → 93% (season 2/5, score 104%)
  📊 Team Discover: satisfaction 59% → 82% (season 1/1, score 102%)
  📊 Easy Riders: satisfaction 41% → 60% (season 1/1, score 95%)
  📊 Easy Riders: satisfaction 50% → 76% (season 1/3, score 102%)
  📊 Easy Riders: satisfaction 41% → 68% (season 2/5, score 105%)
  📊 Feyenoord: satisfaction 50% → 62% (season 1/1, score 82%)
  📊 Feyenoord: satisfaction 50% → 47% (season 1/5, score 54%)
  📊 Team Craft - Postnord: satisfaction 68% → 76% (season 2/3, score 70%)
  📊 Team Craft - Postnord: satisfaction 65% → 64% (season 1/1, score 58%)
  📊 Team Craft - Postnord: satisfaction 68% → 71% (season 2/5, score 62%)
  📊 Marco Cycling: satisfaction 77% → 100% (season 2/5, score 102%)
  📊 Marco Cycling: satisfaction 79% → 77% (season 1/1, score 56%)
  📊 Marco Cycling: satisfaction 82% → 100% (season 2/3, score 101%)
  📊 One Two Three Cycling Club: satisfaction 50% → 74% (season 1/1, score 104%)
  📊 One Two Three Cycling Club: satisfaction 50% → 55% (season 1/5, score 70%)
  📊 Zeitgeist racing team: satisfaction 67% → 85% (season 1/1, score 93%)
  📊 Zeitgeist racing team: satisfaction 50% → 71% (season 1/5, score 94%)
  📊 Zeitgeist racing team: satisfaction 50% → 71% (season 1/3, score 93%)
  📊 GFDJ: satisfaction 50% → 82% (season 1/3, score 115%)
  📊 GFDJ: satisfaction 50% → 80% (season 1/1, score 115%)
  📊 GFDJ: satisfaction 50% → 82% (season 1/5, score 115%)
  📊 Sportivianna DeLuxe: satisfaction 50% → 82% (season 1/5, score 115%)
  📊 Sportivianna DeLuxe: satisfaction 50% → 68% (season 1/3, score 93%)
  📊 Sportivianna DeLuxe: satisfaction 50% → 79% (season 1/1, score 112%)
  📊 Saint-Claire-Viateur: satisfaction 75% → 100% (season 2/3, score 104%)
  📊 Saint-Claire-Viateur: satisfaction 71% → 92% (season 1/1, score 99%)
  📊 Saint-Claire-Viateur: satisfaction 73% → 100% (season 2/5, score 106%)
  📊 Kelme Cycling Team: satisfaction 44% → 49% (season 2/5, score 65%)
  📊 Kelme Cycling Team: satisfaction 42% → 47% (season 2/3, score 66%)
  📊 Kelme Cycling Team: satisfaction 42% → 42% (season 1/1, score 60%)
  📊 StormBreaker Continental Team: satisfaction 46% → 62% (season 2/5, score 89%)
  📊 StormBreaker Continental Team: satisfaction 44% → 62% (season 2/3, score 92%)
  📊 StormBreaker Continental Team: satisfaction 59% → 88% (season 1/1, score 112%)
  📊 Pruffolini: satisfaction 65% → 74% (season 2/3, score 73%)
  📊 Pruffolini: satisfaction 65% → 55% (season 1/1, score 43%)
  📊 Pruffolini: satisfaction 64% → 72% (season 2/5, score 71%)
  📊 c_02: satisfaction 50% → 43% (season 1/5, score 48%)
  📊 c_02: satisfaction 50% → 58% (season 1/1, score 75%)
  📊 1ei: satisfaction 74% → 73% (season 1/1, score 58%)
  📊 1ei: satisfaction 78% → 100% (season 2/5, score 100%)
  📊 1ei: satisfaction 76% → 98% (season 2/3, score 97%)
  📊 Liverpool Racing: satisfaction 50% → 74% (season 1/3, score 104%)
  📊 Liverpool Racing: satisfaction 50% → 74% (season 1/5, score 104%)
  📊 Liverpool Racing: satisfaction 50% → 80% (season 1/1, score 115%)
  📊 Chuchiet: satisfaction 76% → 100% (season 2/5, score 104%)
  📊 Chuchiet: satisfaction 75% → 100% (season 2/3, score 108%)
  📊 Chuchiet: satisfaction 80% → 100% (season 1/1, score 106%)
  📊 Tuft cycling: satisfaction 32% → 27% (season 2/5, score 52%)
  📊 Tuft cycling: satisfaction 48% → 56% (season 1/1, score 74%)
  📊 Tuft cycling: satisfaction 32% → 27% (season 2/3, score 52%)
  📊 gramodier union team: satisfaction 50% → 53% (season 1/1, score 65%)
  📊 Kemphanen Cycling Team: satisfaction 62% → 85% (season 2/5, score 98%)
  📊 Kemphanen Cycling Team: satisfaction 58% → 79% (season 1/1, score 98%)
  📊 Kemphanen Cycling Team: satisfaction 61% → 84% (season 2/3, score 98%)
  📊 Team Hansen Pro Cycling: satisfaction 82% → 100% (season 2/3, score 108%)
  📊 Team Hansen Pro Cycling: satisfaction 82% → 100% (season 2/5, score 108%)
  📊 Team Hansen Pro Cycling: satisfaction 80% → 100% (season 1/1, score 115%)
  📊 Suconia STNS Cycling Team: satisfaction 71% → 84% (season 2/5, score 84%)
  📊 Suconia STNS Cycling Team: satisfaction 71% → 85% (season 2/3, score 86%)
  📊 Suconia STNS Cycling Team: satisfaction 80% → 83% (season 1/1, score 65%)
  📊 Prema: satisfaction 50% → 82% (season 1/5, score 115%)
  📊 Prema: satisfaction 50% → 82% (season 1/3, score 115%)
  📊 Prema: satisfaction 50% → 80% (season 1/1, score 115%)
  📊 Trader Joe / Schwan’s: satisfaction 67% → 83% (season 2/3, score 85%)
  📊 Trader Joe / Schwan’s: satisfaction 53% → 69% (season 1/1, score 89%)
  📊 Trader Joe / Schwan’s: satisfaction 65% → 82% (season 2/5, score 86%)
  📊 Torpedo Zaffelare: satisfaction 26% → 10% (season 2/3, score 30%)
  📊 Torpedo Zaffelare: satisfaction 26% → 10% (season 2/5, score 31%)
  📊 Torpedo Zaffelare: satisfaction 42% → 41% (season 1/1, score 58%)
  📊 De Saltede Guder: satisfaction 50% → 80% (season 1/1, score 115%)
  📊 De Saltede Guder: satisfaction 50% → 71% (season 1/5, score 99%)
  📊 Chris Machines: satisfaction 76% → 93% (season 2/5, score 88%)
  📊 Chris Machines: satisfaction 75% → 85% (season 2/3, score 74%)
  📊 Chris Machines: satisfaction 73% → 92% (season 1/1, score 95%)
  📊 MMDH Cycling Team: satisfaction 45% → 52% (season 1/1, score 72%)
  📊 MMDH Cycling Team: satisfaction 43% → 52% (season 2/3, score 72%)
  📊 MMDH Cycling Team: satisfaction 43% → 53% (season 2/5, score 74%)
  📊 NewE Pro Cycling: satisfaction 82% → 100% (season 2/5, score 113%)
  📊 NewE Pro Cycling: satisfaction 79% → 100% (season 1/1, score 102%)
  📊 NewE Pro Cycling: satisfaction 78% → 100% (season 2/3, score 108%)
  📊 Johans drenge: satisfaction 50% → 73% (season 1/5, score 99%)
  📊 Johans drenge: satisfaction 50% → 72% (season 1/3, score 96%)
  📊 Johans drenge: satisfaction 50% → 70% (season 1/1, score 96%)
  📊 Hopplà Team: satisfaction 61% → 78% (season 2/5, score 87%)
  📊 Hopplà Team: satisfaction 59% → 65% (season 1/1, score 70%)
  📊 Hopplà Team: satisfaction 67% → 84% (season 2/3, score 87%)
  📊 Liska: satisfaction 55% → 78% (season 1/1, score 101%)
  📊 Liska: satisfaction 53% → 75% (season 2/3, score 95%)
  📊 Liska: satisfaction 53% → 77% (season 2/5, score 99%)
  📊 RaceGen Cycling Team: satisfaction 82% → 100% (season 2/5, score 106%)
  📊 RaceGen Cycling Team: satisfaction 80% → 100% (season 1/1, score 110%)
  📊 RaceGen Cycling Team: satisfaction 82% → 100% (season 2/3, score 108%)
  📊 Team Velocity One: satisfaction 51% → 66% (season 2/5, score 84%)
  📊 Team Velocity One: satisfaction 52% → 70% (season 2/3, score 89%)
  📊 Team Velocity One: satisfaction 52% → 69% (season 1/1, score 92%)
  📊 Crowther Racing: satisfaction 31% → 10% (season 2/5, score 22%)
  📊 Crowther Racing: satisfaction 40% → 39% (season 1/1, score 59%)
  📊 Crowther Racing: satisfaction 29% → 7% (season 2/3, score 20%)
  📊 nomatic racing: satisfaction 50% → 46% (season 1/1, score 53%)
  📊 Team Velux: satisfaction 61% → 55% (season 2/5, score 50%)
  📊 Team Velux: satisfaction 74% → 86% (season 1/1, score 82%)
  📊 Team Velux: satisfaction 61% → 62% (season 2/3, score 63%)
  📊 Team Baghjul: satisfaction 50% → 40% (season 1/1, score 41%)
  📊 Sigaard Cycling: satisfaction 79% → 95% (season 2/3, score 84%)
  📊 Sigaard Cycling: satisfaction 76% → 79% (season 1/1, score 65%)
  📊 Sigaard Cycling: satisfaction 78% → 94% (season 2/5, score 85%)
  📊 TUN Racing: satisfaction 39% → 30% (season 1/1, score 43%)
  📊 TUN Racing: satisfaction 29% → 10% (season 2/5, score 25%)
  📊 TUN Racing: satisfaction 28% → 7% (season 2/3, score 23%)
  📊 Team Riskær: satisfaction 61% → 88% (season 1/1, score 109%)
  📊 Team Riskær: satisfaction 63% → 92% (season 2/3, score 109%)
  📊 Team Riskær: satisfaction 63% → 92% (season 2/5, score 109%)
  📊 Nordic Vikings: satisfaction 50% → 42% (season 1/1, score 45%)
  📊 Nordic Vikings: satisfaction 50% → 44% (season 1/5, score 45%)
  📊 COURTEMANCHE: satisfaction 64% → 69% (season 1/1, score 69%)
  📊 COURTEMANCHE: satisfaction 54% → 51% (season 2/5, score 55%)
  📊 COURTEMANCHE: satisfaction 57% → 67% (season 2/3, score 78%)
  📊 African Cycling Project: satisfaction 51% → 62% (season 2/5, score 75%)
  📊 African Cycling Project: satisfaction 49% → 59% (season 2/3, score 74%)
  📊 African Cycling Project: satisfaction 47% → 56% (season 1/1, score 77%)
  📊 Team Holly: satisfaction 68% → 77% (season 2/5, score 73%)
  📊 Team Holly: satisfaction 64% → 70% (season 1/1, score 70%)
  📊 Team Holly: satisfaction 67% → 76% (season 2/3, score 73%)
  📊 BPTrain: satisfaction 50% → 80% (season 1/1, score 115%)
  📊 BPTrain: satisfaction 50% → 82% (season 1/3, score 115%)
  📊 BPTrain: satisfaction 50% → 82% (season 1/5, score 115%)
  📊 Remco Goat: satisfaction 32% → 20% (season 2/5, score 38%)
  📊 Remco Goat: satisfaction 48% → 52% (season 1/1, score 67%)
  📊 Remco Goat: satisfaction 50% → 58% (season 1/3, score 71%)
  📊 Fucking bikers: satisfaction 50% → 39% (season 1/1, score 41%)
  📊 Team WolkerWessels: satisfaction 76% → 99% (season 1/1, score 102%)
  📊 Team WolkerWessels: satisfaction 77% → 100% (season 2/3, score 103%)
  📊 Team WolkerWessels: satisfaction 73% → 91% (season 2/5, score 90%)
  📊 Atom Bikers: satisfaction 69% → 98% (season 1/1, score 113%)
  📊 Atom Bikers: satisfaction 74% → 100% (season 2/3, score 114%)
  📊 Atom Bikers: satisfaction 72% → 100% (season 2/5, score 115%)
  📊 Franks Arme: satisfaction 77% → 100% (season 2/3, score 115%)
  📊 Franks Arme: satisfaction 76% → 100% (season 2/5, score 115%)
  📊 Franks Arme: satisfaction 78% → 100% (season 1/1, score 115%)
  📊 Sky Racing: satisfaction 62% → 73% (season 1/1, score 80%)
  📊 Sky Racing: satisfaction 47% → 44% (season 2/5, score 55%)
  📊 Sky Racing: satisfaction 59% → 64% (season 2/3, score 65%)
  📊 Nickstar Rockets: satisfaction 76% → 100% (season 2/5, score 115%)
  📊 Nickstar Rockets: satisfaction 74% → 100% (season 2/3, score 115%)
  📊 Nickstar Rockets: satisfaction 75% → 100% (season 1/1, score 115%)
  📊 Oranje babies: satisfaction 58% → 62% (season 2/3, score 67%)
  📊 Oranje babies: satisfaction 56% → 73% (season 1/1, score 90%)
  📊 Oranje babies: satisfaction 55% → 73% (season 2/5, score 89%)
  📊 Quercy-Gel Team: satisfaction 62% → 75% (season 1/1, score 83%)
  📊 Quercy-Gel Team: satisfaction 50% → 73% (season 1/3, score 97%)
  📊 Quercy-Gel Team: satisfaction 58% → 63% (season 2/5, score 70%)
  📊 Pattex Cycling Team: satisfaction 62% → 74% (season 1/1, score 82%)
  📊 Pattex Cycling Team: satisfaction 52% → 44% (season 2/5, score 46%)
  📊 Pattex Cycling Team: satisfaction 51% → 42% (season 2/3, score 44%)
  📊 Team Niller: satisfaction 50% → 45% (season 1/3, score 48%)
  📊 Team Niller: satisfaction 23% → 0% (season 2/5, score 17%)
  📊 Team Niller: satisfaction 37% → 30% (season 1/1, score 47%)
  📊 Kimi racing: satisfaction 52% → 56% (season 2/5, score 68%)
  📊 Kimi racing: satisfaction 56% → 66% (season 2/3, score 78%)
  📊 Kimi racing: satisfaction 60% → 73% (season 1/1, score 84%)
  📊 Jean-Luc: satisfaction 50% → 61% (season 1/1, score 80%)
  📊 Palantir Pro Cyling: satisfaction 71% → 86% (season 2/5, score 84%)
  📊 Palantir Pro Cyling: satisfaction 69% → 81% (season 2/3, score 79%)
  📊 Palantir Pro Cyling: satisfaction 67% → 77% (season 1/1, score 78%)
  📊 Talentfabrikken: satisfaction 50% → 72% (season 1/3, score 96%)
  📊 Talentfabrikken: satisfaction 50% → 70% (season 1/1, score 96%)
  📊 Talentfabrikken: satisfaction 50% → 73% (season 1/5, score 98%)
  📊 Silveracers: satisfaction 32% → 18% (season 2/5, score 35%)
  📊 Silveracers: satisfaction 30% → 16% (season 2/3, score 34%)
  📊 Silveracers: satisfaction 47% → 50% (season 1/1, score 66%)
  📊 Beany riders: satisfaction 49% → 42% (season 1/1, score 48%)
  📊 Beany riders: satisfaction 37% → 18% (season 2/3, score 26%)
  📊 Beany riders: satisfaction 37% → 19% (season 2/5, score 28%)
  📊 Apotekets drenge: satisfaction 50% → 42% (season 1/5, score 41%)
  📊 Apotekets drenge: satisfaction 50% → 42% (season 1/1, score 46%)
  📊 Finset Outboard: satisfaction 29% → 29% (season 2/3, score 59%)
  📊 Finset Outboard: satisfaction 39% → 52% (season 1/1, score 84%)
  📊 Finset Outboard: satisfaction 29% → 22% (season 2/5, score 47%)
  📊 Indeso: satisfaction 80% → 100% (season 1/1, score 103%)
  📊 Indeso: satisfaction 50% → 76% (season 1/3, score 103%)
  📊 Indeso: satisfaction 74% → 86% (season 2/5, score 81%)
  📊 Universal Cycling: satisfaction 36% → 42% (season 2/5, score 71%)
  📊 Universal Cycling: satisfaction 34% → 41% (season 2/3, score 73%)
  📊 Universal Cycling: satisfaction 51% → 74% (season 1/1, score 102%)
  📊 Team spirit: satisfaction 50% → 61% (season 1/1, score 81%)
  📊 De Opwijkse Pedaalstoempers: satisfaction 50% → 80% (season 1/1, score 115%)
  📊 De Opwijkse Pedaalstoempers: satisfaction 50% → 82% (season 1/5, score 115%)
  📊 De Opwijkse Pedaalstoempers: satisfaction 50% → 82% (season 1/3, score 115%)
  📊 Team Brutaliste: satisfaction 80% → 73% (season 1/1, score 48%)
  📊 Team Brutaliste: satisfaction 81% → 100% (season 2/3, score 95%)
  📊 Team Brutaliste: satisfaction 80% → 100% (season 2/5, score 95%)
  📊 Aron Pro Cycling: satisfaction 82% → 100% (season 2/5, score 104%)
  📊 Aron Pro Cycling: satisfaction 80% → 85% (season 1/1, score 70%)
  📊 Aron Pro Cycling: satisfaction 82% → 100% (season 2/3, score 104%)
  📊 Romelu racing: satisfaction 50% → 57% (season 1/1, score 73%)
  📊 GA$$A RACING: satisfaction 43% → 55% (season 2/5, score 78%)
  📊 GA$$A RACING: satisfaction 40% → 57% (season 1/1, score 92%)
  📊 GA$$A RACING: satisfaction 41% → 57% (season 2/3, score 86%)
  📊 Falcor Cycling: satisfaction 50% → 77% (season 1/3, score 105%)
  📊 Falcor Cycling: satisfaction 50% → 74% (season 1/5, score 100%)
  📊 Falcor Cycling: satisfaction 50% → 75% (season 1/1, score 106%)
  📊 HWT Rockets: satisfaction 51% → 49% (season 2/5, score 53%)
  📊 HWT Rockets: satisfaction 50% → 47% (season 2/3, score 51%)
  📊 HWT Rockets: satisfaction 47% → 40% (season 1/1, score 48%)
  📊 lopel racing: satisfaction 50% → 72% (season 1/1, score 100%)
  📊 lopel racing: satisfaction 50% → 60% (season 1/5, score 78%)
  📊 Nike Specialized: satisfaction 50% → 45% (season 1/5, score 48%)
  📊 Nike Specialized: satisfaction 50% → 39% (season 1/1, score 41%)
  📊 Nike Specialized: satisfaction 50% → 42% (season 1/3, score 42%)
  📊 Apex Cycling: satisfaction 67% → 86% (season 2/5, score 94%)
  📊 Apex Cycling: satisfaction 67% → 86% (season 2/3, score 94%)
  📊 Apex Cycling: satisfaction 74% → 99% (season 1/1, score 106%)
  📊 Mexica Velo: satisfaction 50% → 80% (season 1/1, score 115%)
  📊 Mexica Velo: satisfaction 50% → 82% (season 1/3, score 115%)
  📊 Mexica Velo: satisfaction 50% → 82% (season 1/5, score 115%)
  📊 Corratec: satisfaction 32% → 23% (season 2/5, score 44%)
  📊 Corratec: satisfaction 50% → 55% (season 1/3, score 65%)
  📊 Corratec: satisfaction 43% → 47% (season 1/1, score 68%)
  📊 Underdogz ApS: satisfaction 57% → 62% (season 2/5, score 65%)
  📊 Underdogz ApS: satisfaction 57% → 62% (season 1/1, score 70%)
  📊 Underdogz ApS: satisfaction 60% → 69% (season 2/3, score 73%)
  📊 Team BRND: satisfaction 55% → 43% (season 1/1, score 39%)
  📊 Team BRND: satisfaction 37% → 9% (season 2/3, score 10%)
  📊 Team BRND: satisfaction 36% → 9% (season 2/5, score 11%)
  📊 TR Cycling: satisfaction 78% → 97% (season 1/1, score 95%)
  📊 TR Cycling: satisfaction 80% → 100% (season 2/3, score 102%)
  📊 TR Cycling: satisfaction 80% → 100% (season 2/5, score 100%)
  📊 Tom Tom: satisfaction 50% → 76% (season 1/5, score 103%)
  📊 Tom Tom: satisfaction 50% → 71% (season 1/1, score 98%)
  📊 Tom Tom: satisfaction 50% → 60% (season 1/3, score 77%)
  📊 Wandlitz Racing: satisfaction 42% → 45% (season 2/5, score 65%)
  📊 Wandlitz Racing: satisfaction 50% → 70% (season 1/1, score 96%)
  📊 Wandlitz Racing: satisfaction 40% → 50% (season 2/3, score 78%)
  📊 Xtrona Race Club (Vitrona): satisfaction 50% → 66% (season 1/5, score 88%)
  📊 Xtrona Race Club (Vitrona): satisfaction 50% → 76% (season 1/1, score 107%)
  📊 Vallados del Sur: satisfaction 62% → 94% (season 2/3, score 114%)
  📊 Vallados del Sur: satisfaction 63% → 95% (season 2/5, score 115%)
  📊 Vallados del Sur: satisfaction 52% → 82% (season 1/1, score 115%)
  📊 Nexora Technologies: satisfaction 50% → 53% (season 1/1, score 66%)
  📊 Nexora Technologies: satisfaction 50% → 60% (season 1/3, score 75%)
  📊 Nexora Technologies: satisfaction 50% → 61% (season 1/5, score 77%)
  📊 Beers & Gears: satisfaction 50% → 82% (season 1/3, score 115%)
  📊 Beers & Gears: satisfaction 50% → 82% (season 1/5, score 115%)
  📊 Beers & Gears: satisfaction 50% → 80% (season 1/1, score 115%)
  📊 Fish racing: satisfaction 50% → 65% (season 1/3, score 83%)
  📊 Fish racing: satisfaction 61% → 74% (season 1/1, score 83%)
  📊 Fish racing: satisfaction 63% → 79% (season 2/5, score 85%)
  📊 JDG: satisfaction 50% → 33% (season 1/5, score 29%)
  📊 JDG: satisfaction 50% → 41% (season 1/1, score 43%)
  📊 Red Corsairs: satisfaction 55% → 54% (season 2/5, score 54%)
  📊 Red Corsairs: satisfaction 48% → 44% (season 1/1, score 53%)
  📊 Red Corsairs: satisfaction 54% → 51% (season 2/3, score 51%)
  📊 Test A: satisfaction 80% → 100% (season 1/1, score 115%)
  📊 Ardennaise Pro Cycling Team: satisfaction 46% → 37% (season 2/3, score 39%)
  📊 Ardennaise Pro Cycling Team: satisfaction 41% → 28% (season 1/1, score 37%)
  📊 Ardennaise Pro Cycling Team: satisfaction 45% → 36% (season 2/5, score 40%)
  📊 Cycl'evo: satisfaction 50% → 64% (season 1/1, score 85%)
  📊 Cycl'evo: satisfaction 50% → 54% (season 1/5, score 67%)
  📊 Équipe Lorraine Acier: satisfaction 82% → 100% (season 2/3, score 115%)
  📊 Équipe Lorraine Acier: satisfaction 80% → 100% (season 1/1, score 115%)
  📊 Équipe Lorraine Acier: satisfaction 82% → 100% (season 2/5, score 115%)
  📊 Thoms tropper: satisfaction 80% → 89% (season 1/1, score 76%)
  📊 Thoms tropper: satisfaction 82% → 100% (season 2/5, score 106%)
  📊 Thoms tropper: satisfaction 82% → 100% (season 2/3, score 105%)
  📊 Liams Geder: satisfaction 76% → 100% (season 2/5, score 102%)
  📊 Liams Geder: satisfaction 77% → 96% (season 1/1, score 94%)
  📊 Liams Geder: satisfaction 80% → 100% (season 2/3, score 105%)
  📊 Bad At Names: satisfaction 59% → 89% (season 1/1, score 115%)
  📊 Bad At Names: satisfaction 58% → 90% (season 2/3, score 115%)
  📊 Bad At Names: satisfaction 57% → 89% (season 2/5, score 115%)
  📊 CSM Unirea: satisfaction 47% → 50% (season 1/1, score 65%)
  📊 CSM Unirea: satisfaction 30% → 15% (season 2/3, score 32%)
  📊 CSM Unirea: satisfaction 29% → 15% (season 2/5, score 35%)
  📊 LEGO-Vestas Cycling Team: satisfaction 75% → 100% (season 2/5, score 110%)
  📊 LEGO-Vestas Cycling Team: satisfaction 80% → 100% (season 1/1, score 115%)
  📊 LEGO-Vestas Cycling Team: satisfaction 75% → 100% (season 2/3, score 110%)
  📊 Team Bucovina: satisfaction 58% → 68% (season 2/3, score 75%)
  📊 Team Bucovina: satisfaction 58% → 69% (season 2/5, score 76%)
  📊 Team Bucovina: satisfaction 55% → 63% (season 1/1, score 74%)
  📊 Equipo Kern Pharma: satisfaction 56% → 67% (season 2/3, score 76%)
  📊 Equipo Kern Pharma: satisfaction 53% → 63% (season 2/5, score 75%)
  📊 Equipo Kern Pharma: satisfaction 52% → 61% (season 1/1, score 76%)
  📊 SJ racing: satisfaction 50% → 56% (season 1/5, score 71%)
  📊 SJ racing: satisfaction 50% → 52% (season 1/1, score 64%)
  📊 De lokale tosser: satisfaction 69% → 89% (season 2/3, score 97%)
  📊 De lokale tosser: satisfaction 68% → 89% (season 2/5, score 97%)
  📊 De lokale tosser: satisfaction 79% → 100% (season 1/1, score 113%)
  📊 L’Échappée du Soleil: satisfaction 80% → 100% (season 1/1, score 114%)
  📊 L’Échappée du Soleil: satisfaction 82% → 100% (season 2/5, score 114%)
  📊 L’Échappée du Soleil: satisfaction 82% → 100% (season 2/3, score 114%)
  📊 Chilihvidløg: satisfaction 23% → 0% (season 2/3, score 13%)
  📊 Chilihvidløg: satisfaction 23% → 0% (season 2/5, score 14%)
  📊 Chilihvidløg: satisfaction 37% → 26% (season 1/1, score 40%)
  📊 Euskaltel-Euskadi: satisfaction 66% → 59% (season 1/1, score 47%)
  📊 Euskaltel-Euskadi: satisfaction 55% → 37% (season 2/5, score 27%)
  📊 Euskaltel-Euskadi: satisfaction 54% → 34% (season 2/3, score 24%)
  📊 A-PEX VELO: satisfaction 75% → 95% (season 2/3, score 92%)
  📊 A-PEX VELO: satisfaction 75% → 86% (season 1/1, score 81%)
  📊 A-PEX VELO: satisfaction 74% → 93% (season 2/5, score 90%)
  📊 Team CSC: satisfaction 51% → 71% (season 2/3, score 97%)
  📊 Team CSC: satisfaction 65% → 95% (season 1/1, score 115%)
  📊 Team CSC: satisfaction 50% → 73% (season 2/5, score 102%)
  📊 TeebsteebsTeam: satisfaction 60% → 54% (season 2/5, score 49%)
  📊 TeebsteebsTeam: satisfaction 73% → 79% (season 1/1, score 70%)
  📊 TeebsteebsTeam: satisfaction 60% → 62% (season 2/3, score 63%)
  📊 De Cyklende Ulve: satisfaction 38% → 51% (season 2/5, score 84%)
  📊 De Cyklende Ulve: satisfaction 52% → 82% (season 1/1, score 114%)
  📊 De Cyklende Ulve: satisfaction 37% → 54% (season 2/3, score 92%)
  📊 Camp Cycling Team: satisfaction 66% → 60% (season 2/3, score 46%)
  📊 Camp Cycling Team: satisfaction 59% → 47% (season 2/5, score 34%)
  📊 Camp Cycling Team: satisfaction 63% → 52% (season 1/1, score 41%)
  📊 MatsenSid: satisfaction 50% → 72% (season 1/3, score 95%)
  📊 MatsenSid: satisfaction 35% → 39% (season 2/5, score 66%)
  📊 MatsenSid: satisfaction 55% → 76% (season 1/1, score 99%)
  📊 Cadenza Comoda Pro Cycling: satisfaction 80% → 83% (season 1/1, score 65%)
  📊 Cadenza Comoda Pro Cycling: satisfaction 82% → 88% (season 2/5, score 67%)
  📊 Cadenza Comoda Pro Cycling: satisfaction 82% → 98% (season 2/3, score 85%)
  📊 Time-Out Hooligans: satisfaction 50% → 82% (season 1/5, score 115%)
  📊 Time-Out Hooligans: satisfaction 50% → 80% (season 1/1, score 115%)
  📊 Time-Out Hooligans: satisfaction 50% → 82% (season 1/3, score 115%)
  📊 Swatt Team: satisfaction 53% → 62% (season 1/1, score 76%)
  📊 Swatt Team: satisfaction 56% → 68% (season 2/3, score 77%)
  📊 Swatt Team: satisfaction 56% → 68% (season 2/5, score 79%)
  📊 Team Lea: satisfaction 26% → 16% (season 2/3, score 43%)
  📊 Team Lea: satisfaction 42% → 45% (season 1/1, score 65%)
  📊 Team Lea: satisfaction 26% → 18% (season 2/5, score 46%)
  📊 Breakaway Bandits: satisfaction 50% → 77% (season 2/5, score 106%)
  📊 Breakaway Bandits: satisfaction 51% → 80% (season 1/1, score 112%)
  📊 Breakaway Bandits: satisfaction 49% → 81% (season 2/3, score 114%)
  📊 martha racing: satisfaction 57% → 69% (season 1/1, score 82%)
  📊 martha racing: satisfaction 50% → 64% (season 1/5, score 81%)
  📊 martha racing: satisfaction 50% → 67% (season 1/3, score 87%)
  📊 Rumler Roulers: satisfaction 50% → 42% (season 1/1, score 46%)
  📊 Rumler Roulers: satisfaction 50% → 41% (season 1/5, score 40%)
  📊 Aquila–L3gatus Racing Team: satisfaction 79% → 100% (season 2/3, score 105%)
  📊 Aquila–L3gatus Racing Team: satisfaction 76% → 100% (season 1/1, score 104%)
  📊 Aquila–L3gatus Racing Team: satisfaction 76% → 100% (season 2/5, score 104%)
  📊 Sunnyvale Cycling Club: satisfaction 80% → 86% (season 1/1, score 71%)
  📊 Sunnyvale Cycling Club: satisfaction 71% → 81% (season 2/3, score 79%)
  📊 Sunnyvale Cycling Club: satisfaction 70% → 68% (season 2/5, score 56%)
  📊 Ciclismo 2640: satisfaction 50% → 53% (season 1/1, score 65%)
  📊 Csilla ABC: satisfaction 53% → 69% (season 1/1, score 89%)
  📊 Csilla ABC: satisfaction 36% → 41% (season 2/5, score 69%)
  📊 Csilla ABC: satisfaction 34% → 39% (season 2/3, score 70%)
  📊 Cycle street: satisfaction 74% → 98% (season 2/5, score 100%)
  📊 Cycle street: satisfaction 73% → 97% (season 2/3, score 99%)
  📊 Cycle street: satisfaction 71% → 81% (season 1/1, score 78%)
  📊 Guntzracing: satisfaction 52% → 61% (season 2/3, score 76%)
  📊 Guntzracing: satisfaction 62% → 76% (season 1/1, score 86%)
  📊 Guntzracing: satisfaction 49% → 51% (season 2/5, score 64%)
  📊 Ballets Cycling: satisfaction 50% → 68% (season 1/1, score 93%)
  📊 Ballets Cycling: satisfaction 50% → 51% (season 1/5, score 61%)
  📊 Metro-L3: satisfaction 74% → 90% (season 2/5, score 84%)
  📊 Metro-L3: satisfaction 73% → 87% (season 2/3, score 81%)
  📊 Metro-L3: satisfaction 75% → 85% (season 1/1, score 78%)
  📊 Guinness Cycling Team: satisfaction 52% → 57% (season 2/3, score 66%)
  📊 Guinness Cycling Team: satisfaction 52% → 57% (season 2/5, score 65%)
  📊 Guinness Cycling Team: satisfaction 48% → 49% (season 1/1, score 62%)
  📊 Camargue Pro Cycling: satisfaction 50% → 68% (season 1/1, score 93%)
  📊 Koben Racing: satisfaction 50% → 77% (season 1/3, score 104%)
  📊 Koben Racing: satisfaction 50% → 72% (season 1/5, score 95%)
  📊 Koben Racing: satisfaction 50% → 74% (season 1/1, score 103%)
  📊 Team Fakta: satisfaction 40% → 66% (season 1/1, score 107%)
  📊 Team Fakta: satisfaction 39% → 70% (season 2/5, score 112%)
  📊 Team Fakta: satisfaction 39% → 71% (season 2/3, score 115%)
  📊 Scallabis Cycling Team: satisfaction 57% → 83% (season 2/3, score 103%)
  📊 Scallabis Cycling Team: satisfaction 55% → 81% (season 1/1, score 107%)
  📊 Scallabis Cycling Team: satisfaction 56% → 85% (season 2/5, score 108%)
  📊 Top Pro Cycling: satisfaction 69% → 75% (season 1/1, score 72%)
  📊 Top Pro Cycling: satisfaction 67% → 87% (season 2/5, score 92%)
  📊 Top Pro Cycling: satisfaction 70% → 83% (season 2/3, score 80%)
  📊 Slock Lyset: satisfaction 57% → 60% (season 1/1, score 66%)
  📊 Slock Lyset: satisfaction 39% → 30% (season 2/5, score 44%)
  📊 Slock Lyset: satisfaction 37% → 37% (season 2/3, score 60%)
  📊 Sareas: satisfaction 50% → 39% (season 1/1, score 41%)
  📊 Helmers: satisfaction 50% → 52% (season 1/5, score 60%)
  📊 Helmers: satisfaction 50% → 47% (season 1/1, score 54%)
  📊 Helmers: satisfaction 50% → 50% (season 1/3, score 55%)
  📊 Wander Riders: satisfaction 63% → 87% (season 2/3, score 104%)
  📊 Wander Riders: satisfaction 60% → 90% (season 1/1, score 115%)
  📊 Wander Riders: satisfaction 51% → 77% (season 2/5, score 108%)
  📊 EvoPro: satisfaction 71% → 100% (season 2/5, score 109%)
  📊 EvoPro: satisfaction 73% → 100% (season 1/1, score 109%)
  📊 EvoPro: satisfaction 71% → 100% (season 2/3, score 110%)
  📊 Fellaini Racing Team: satisfaction 56% → 75% (season 1/1, score 95%)
  📊 Fellaini Racing Team: satisfaction 56% → 80% (season 2/3, score 99%)
  📊 Fellaini Racing Team: satisfaction 42% → 49% (season 2/5, score 73%)
  📊 International Cycling Team: satisfaction 40% → 66% (season 1/1, score 108%)
  📊 International Cycling Team: satisfaction 42% → 71% (season 2/3, score 114%)
  📊 International Cycling Team: satisfaction 42% → 74% (season 2/5, score 115%)
  📊 Breda: satisfaction 56% → 63% (season 2/5, score 72%)
  📊 Breda: satisfaction 58% → 81% (season 1/1, score 102%)
  📊 Breda: satisfaction 50% → 75% (season 1/3, score 102%)
  📊 Q365 Racing: satisfaction 41% → 43% (season 2/5, score 63%)
  📊 Q365 Racing: satisfaction 50% → 66% (season 1/3, score 85%)
  📊 Q365 Racing: satisfaction 55% → 71% (season 1/1, score 88%)
  📊 Reynolds Team: satisfaction 60% → 77% (season 1/1, score 91%)
  📊 Reynolds Team: satisfaction 62% → 73% (season 2/3, score 77%)
  📊 Reynolds Team: satisfaction 62% → 83% (season 1/5, score 93%)
  📊 Frederixhavn BC: satisfaction 50% → 44% (season 1/1, score 48%)
  📊 Frederixhavn BC: satisfaction 50% → 46% (season 1/5, score 49%)
  📊 Frederixhavn BC: satisfaction 50% → 45% (season 1/3, score 46%)
  📊 The Wheelbarrels: satisfaction 41% → 46% (season 2/3, score 65%)
  📊 The Wheelbarrels: satisfaction 39% → 52% (season 1/1, score 84%)
  📊 The Wheelbarrels: satisfaction 39% → 36% (season 2/5, score 51%)
  📊 Hardly Athletic: satisfaction 79% → 100% (season 2/5, score 101%)
  📊 Hardly Athletic: satisfaction 79% → 98% (season 1/1, score 95%)
  📊 Hardly Athletic: satisfaction 79% → 100% (season 2/3, score 102%)
  📊 Inuit Cycling: satisfaction 40% → 40% (season 1/1, score 60%)
  📊 Inuit Cycling: satisfaction 41% → 45% (season 2/3, score 64%)
  📊 Inuit Cycling: satisfaction 42% → 42% (season 2/5, score 55%)
  📊 TeamEgebjerg: satisfaction 50% → 74% (season 1/5, score 100%)
  📊 TeamEgebjerg: satisfaction 50% → 73% (season 1/1, score 102%)
  📊 TeamEgebjerg: satisfaction 50% → 74% (season 1/3, score 100%)
  📊 Piast Piastów: satisfaction 50% → 41% (season 1/1, score 44%)
  📊 Rockets: satisfaction 61% → 59% (season 1/1, score 56%)
  📊 Rockets: satisfaction 72% → 79% (season 2/5, score 68%)
  📊 Rockets: satisfaction 70% → 83% (season 2/3, score 80%)
  📊 UT RWANDA: satisfaction 50% → 50% (season 1/1, score 60%)
  📊 Bhutan Egg Racing: satisfaction 32% → 34% (season 2/5, score 64%)
  📊 Bhutan Egg Racing: satisfaction 45% → 60% (season 1/1, score 87%)
  📊 Bhutan Egg Racing: satisfaction 50% → 73% (season 1/3, score 97%)
  📊 Cana Climbers: satisfaction 50% → 63% (season 1/3, score 84%)
  📊 Cana Climbers: satisfaction 50% → 76% (season 1/1, score 107%)
  📊 Cana Climbers: satisfaction 50% → 81% (season 1/5, score 112%)
  📊 Isaac racing: satisfaction 47% → 57% (season 2/5, score 78%)
  📊 Isaac racing: satisfaction 51% → 73% (season 1/1, score 99%)
  📊 Isaac racing: satisfaction 50% → 76% (season 1/3, score 104%)
  📊 UAE Team Emirates: satisfaction 50% → 58% (season 1/5, score 74%)
  📊 UAE Team Emirates: satisfaction 50% → 67% (season 1/1, score 91%)
  📊 Cycling Topper: satisfaction 48% → 37% (season 1/1, score 40%)
  📊 Cycling Topper: satisfaction 36% → 15% (season 2/5, score 22%)
  📊 Cycling Topper: satisfaction 34% → 12% (season 2/3, score 20%)
  📊 Pfeiffer Dev: satisfaction 57% → 53% (season 1/1, score 52%)
  📊 Pfeiffer Dev: satisfaction 39% → 23% (season 2/5, score 31%)
  📊 Pfeiffer Dev: satisfaction 37% → 20% (season 2/3, score 29%)
  📊 Sky Rats: satisfaction 55% → 56% (season 2/5, score 57%)
  📊 Sky Rats: satisfaction 53% → 53% (season 2/3, score 56%)
  📊 Sky Rats: satisfaction 51% → 48% (season 1/1, score 55%)
  📊 Viimsi Racing: satisfaction 49% → 62% (season 1/1, score 84%)
  📊 Viimsi Racing: satisfaction 38% → 40% (season 2/5, score 64%)
  📊 Viimsi Racing: satisfaction 35% → 37% (season 2/3, score 64%)
  📊 Festina Nissa: satisfaction 35% → 20% (season 2/5, score 33%)
  📊 Festina Nissa: satisfaction 47% → 49% (season 1/1, score 63%)
  📊 Festina Nissa: satisfaction 34% → 29% (season 2/3, score 50%)
  📊 Team Easy-On: satisfaction 82% → 100% (season 2/5, score 115%)
  📊 Team Easy-On: satisfaction 80% → 100% (season 1/1, score 115%)
  📊 Team Easy-On: satisfaction 82% → 100% (season 2/3, score 115%)
  📊 Summit Racing: satisfaction 75% → 86% (season 1/1, score 79%)
  📊 Summit Racing: satisfaction 57% → 53% (season 2/5, score 53%)
  📊 Summit Racing: satisfaction 78% → 100% (season 2/3, score 101%)
  📊 Dima Racing: satisfaction 50% → 41% (season 1/1, score 44%)
  📊 AFJJ: satisfaction 50% → 82% (season 1/3, score 115%)
  📊 AFJJ: satisfaction 50% → 80% (season 1/1, score 115%)
  📊 AFJJ: satisfaction 50% → 82% (season 1/5, score 115%)
  📊 Nordica: satisfaction 71% → 81% (season 1/1, score 78%)
  📊 Nordica: satisfaction 55% → 53% (season 2/3, score 56%)
  📊 Nordica: satisfaction 53% → 54% (season 2/5, score 63%)
  📊 Team Majer: satisfaction 50% → 82% (season 1/3, score 115%)
  📊 Team Majer: satisfaction 50% → 76% (season 1/5, score 108%)
  📊 Team Majer: satisfaction 50% → 80% (season 1/1, score 115%)
  📊 Timmer Racing: satisfaction 80% → 87% (season 1/1, score 72%)
  📊 Timmer Racing: satisfaction 81% → 96% (season 2/3, score 83%)
  📊 Timmer Racing: satisfaction 80% → 92% (season 2/5, score 78%)
  📊 North Sea Pro Cycling: satisfaction 76% → 76% (season 2/5, score 61%)
  📊 North Sea Pro Cycling: satisfaction 80% → 82% (season 1/1, score 63%)
  📊 North Sea Pro Cycling: satisfaction 76% → 88% (season 2/3, score 82%)
  📊 Lidl–Leffe Pro Drinking: satisfaction 65% → 74% (season 1/5, score 73%)
  📊 Lidl–Leffe Pro Drinking: satisfaction 64% → 79% (season 1/1, score 87%)
  📊 Lidl–Leffe Pro Drinking: satisfaction 67% → 81% (season 1/3, score 81%)
  📊 Slashska Cycling: satisfaction 70% → 64% (season 1/1, score 49%)
  📊 Slashska Cycling: satisfaction 69% → 67% (season 2/5, score 52%)
  📊 Slashska Cycling: satisfaction 67% → 62% (season 2/3, score 48%)
  📊 Wielerploeg Onder Ons Parike: satisfaction 50% → 75% (season 1/1, score 106%)
  📊 Wielerploeg Onder Ons Parike: satisfaction 50% → 64% (season 1/5, score 85%)
  📊 Bouboule Team: satisfaction 80% → 93% (season 1/1, score 84%)
  📊 Bouboule Team: satisfaction 80% → 100% (season 2/3, score 96%)
  📊 Bouboule Team: satisfaction 79% → 100% (season 2/5, score 96%)
  📊 24/7 Aspire-Light Velo Team: satisfaction 56% → 78% (season 2/5, score 101%)
  📊 24/7 Aspire-Light Velo Team: satisfaction 61% → 91% (season 2/3, score 110%)
  📊 24/7 Aspire-Light Velo Team: satisfaction 61% → 90% (season 1/1, score 112%)
  📊 The 3rd Leg of Lukaku: satisfaction 50% → 82% (season 1/5, score 115%)
  📊 The 3rd Leg of Lukaku: satisfaction 50% → 82% (season 1/3, score 115%)
  📊 The 3rd Leg of Lukaku: satisfaction 50% → 80% (season 1/1, score 115%)
  📊 Guaracha Guerreros: satisfaction 74% → 97% (season 2/5, score 98%)
  📊 Guaracha Guerreros: satisfaction 71% → 90% (season 1/1, score 95%)
  📊 Guaracha Guerreros: satisfaction 74% → 97% (season 2/3, score 97%)
  📊 Minisize Biking: satisfaction 73% → 95% (season 2/5, score 95%)
  📊 Minisize Biking: satisfaction 72% → 95% (season 2/3, score 98%)
  📊 Minisize Biking: satisfaction 73% → 86% (season 1/1, score 83%)
  📊 Stella Artois Cycling Team: satisfaction 47% → 45% (season 2/5, score 56%)
  📊 Stella Artois Cycling Team: satisfaction 50% → 62% (season 1/3, score 77%)
  📊 Stella Artois Cycling Team: satisfaction 58% → 68% (season 1/1, score 79%)
  📊 Island Cycling Team: satisfaction 50% → 77% (season 1/5, score 108%)
  📊 Island Cycling Team: satisfaction 50% → 80% (season 1/3, score 110%)
  📊 Island Cycling Team: satisfaction 50% → 78% (season 1/1, score 112%)
  📊 den usaltet smør: satisfaction 50% → 76% (season 1/3, score 104%)
  📊 den usaltet smør: satisfaction 50% → 76% (season 1/1, score 108%)
  📊 den usaltet smør: satisfaction 50% → 76% (season 1/5, score 103%)
  📊 Purple Rain: satisfaction 80% → 85% (season 1/1, score 70%)
  📊 Purple Rain: satisfaction 65% → 67% (season 2/3, score 64%)
  📊 Purple Rain: satisfaction 64% → 57% (season 2/5, score 48%)
  📊 montísky: satisfaction 37% → 17% (season 2/3, score 23%)
  📊 montísky: satisfaction 51% → 42% (season 1/1, score 44%)
  📊 montísky: satisfaction 37% → 17% (season 2/5, score 25%)
  📊 Air France-KLM Team: satisfaction 69% → 91% (season 1/1, score 101%)
  📊 Air France-KLM Team: satisfaction 50% → 64% (season 2/5, score 85%)
  📊 Air France-KLM Team: satisfaction 48% → 63% (season 2/3, score 87%)
  📊 Squid Sycling: satisfaction 37% → 33% (season 2/5, score 52%)
  📊 Squid Sycling: satisfaction 52% → 60% (season 1/1, score 74%)
  📊 Squid Sycling: satisfaction 36% → 37% (season 2/3, score 62%)
  📊 Borregaard Racing: satisfaction 82% → 100% (season 2/3, score 100%)
  📊 Borregaard Racing: satisfaction 71% → 78% (season 2/5, score 73%)
  📊 Borregaard Racing: satisfaction 80% → 96% (season 1/1, score 89%)
  📊 Team Brennan: satisfaction 80% → 84% (season 1/1, score 68%)
  📊 Team Brennan: satisfaction 82% → 100% (season 2/5, score 105%)
  📊 Team Brennan: satisfaction 82% → 100% (season 2/3, score 104%)
  📊 Red Bull - Robley - Rockets: satisfaction 69% → 95% (season 2/3, score 103%)
  📊 Red Bull - Robley - Rockets: satisfaction 61% → 84% (season 1/1, score 101%)
  📊 Red Bull - Robley - Rockets: satisfaction 67% → 92% (season 2/5, score 102%)
  📊 Bacon Fræsers: satisfaction 74% → 100% (season 2/3, score 115%)
  📊 Bacon Fræsers: satisfaction 62% → 85% (season 2/5, score 102%)
  📊 Bacon Fræsers: satisfaction 71% → 100% (season 1/1, score 115%)
  📊 Team Thybo: satisfaction 80% → 78% (season 1/1, score 57%)
  📊 Team Thybo: satisfaction 69% → 81% (season 2/3, score 81%)
  📊 Team Thybo: satisfaction 68% → 66% (season 2/5, score 56%)
  📊 Hatestone Cycling Club: satisfaction 64% → 69% (season 1/1, score 68%)
  📊 Hatestone Cycling Club: satisfaction 54% → 47% (season 2/5, score 47%)
  📊 Hatestone Cycling Club: satisfaction 53% → 44% (season 2/3, score 44%)
  ⏭  Op/nedrykning + AI-reconcile sprunget over (season_end_skip_division_movement=on, #2851 — komprimeringen ER flytningen i dette skifte)
  ⏸  Rytter-værdi-recalc sprunget over (SEASON_VALUE_RECALC_ENABLED=false, #1155)
  ✅ Season end processing complete
→ seasons.status='completed' ...
→ Discord-broadcast (staging: blankes af with-staging.ps1's live-guard) ...
→ season_ended in-app-notifikationer (#2745/#2924) ...

✅ Sæson 2 afsluttet (end_date=2026-08-23)
{
  "success": true,
  "season_id": "00000000-0000-0000-0000-000000000002",
  "number": 2,
  "season_ended_notifications": {
    "eligible": 214,
    "delivered": 214,
    "deduped": 0,
    "failed": 0,
    "personalized": 214
  }
}
